
> product-site-1@0.1.0 build
> next build

   ▲ Next.js 16.0.10 (Turbopack)

   Creating an optimized production build ...
 ✓ Compiled successfully in 4.7s
   Running TypeScript ...
Failed to compile.

./src/app/products/page.tsx:71:14
Type error: Property 'product' is missing in type '{}' but required in type 'HowItWorksSectionProps'.

[0m [90m 69 |[39m             [33m<[39m[33m/[39m[33mdiv[39m[33m>[39m
 [90m 70 |[39m
[31m[1m>[22m[39m[90m 71 |[39m             [33m<[39m[33mPristineShowcase[39m [33m/[39m[33m>[39m
 [90m    |[39m              [31m[1m^[22m[39m
 [90m 72 |[39m
 [90m 73 |[39m             [33m<[39m[33mdiv[39m className[33m=[39m[32m"w-full"[39m[33m>[39m
 [90m 74 |[39m                 [33m<[39m[33mNeonBounceBanner[39m [33m/[39m[33m>[39m[0m
Next.js build worker exited with code: 1 and signal: null
