node.exe : 
(node:5228) 
ExperimentalWarning: 
CommonJS module 
C:\Program Files\node
js\node_modules\npm\n
ode_modules\debug\src
\node.js is loading 
ES Module C:\Program 
Files\nodejs\node_mod
ules\npm\node_modules
\supports-color\index
.js using require().
At C:\Program Files\n
odejs\npx.ps1:29 
char:3
+   & $NODE_EXE 
$NPX_CLI_JS $args
+   ~~~~~~~~~~~~~~~~~
~~~~~~~~~~~~
    + CategoryInfo   
           : NotSpe  
  cified: ((node:5   
 228) Exp...sing     
require().:Strin    
g) [], RemoteExc    
eption
    + FullyQualified 
   ErrorId : Native  
  CommandError
 
Support for loading 
ES Module in 
require() is an 
experimental feature 
and might change at 
any time
(Use `node 
--trace-warnings 
...` to show where 
the warning was 
created)
src/app/products/[id]/page.tsx(3,10): error TS2724: '"@/data/products"' has no exported member named 'productsRaw'. Did you mean 'products'?
src/app/products/[id]/page.tsx(10,29): error TS7006: Parameter 'product' implicitly has an 'any' type.
src/app/products/[id]/page.tsx(16,39): error TS7006: Parameter 'p' implicitly has an 'any' type.
src/app/products/[id]/page.tsx(31,39): error TS7006: Parameter 'p' implicitly has an 'any' type.
src/components/about/EarthAnimation.tsx(375,14): error TS2786: 'ParticleBand' cannot be used as a JSX component.
  Its type '({ radius, tilt, particleCount, rotationSpeed, yOffset, bandWidth, colorPalette, useArrows }: ParticleBandProps) => void' is not a valid JSX element type.
    Type '({ radius, tilt, particleCount, rotationSpeed, yOffset, bandWidth, colorPalette, useArrows }: ParticleBandProps) => void' is not assignable to type '(props: any) => ReactNode | Promise<ReactNode>'.
      Type 'void' is not assignable to type 'ReactNode | Promise<ReactNode>'.
src/components/about/EarthAnimation.tsx(387,14): error TS2786: 'ParticleBand' cannot be used as a JSX component.
  Its type '({ radius, tilt, particleCount, rotationSpeed, yOffset, bandWidth, colorPalette, useArrows }: ParticleBandProps) => void' is not a valid JSX element type.
    Type '({ radius, tilt, particleCount, rotationSpeed, yOffset, bandWidth, colorPalette, useArrows }: ParticleBandProps) => void' is not assignable to type '(props: any) => ReactNode | Promise<ReactNode>'.
      Type 'void' is not assignable to type 'ReactNode | Promise<ReactNode>'.
src/components/about/EarthAnimation.tsx(399,14): error TS2786: 'ParticleBand' cannot be used as a JSX component.
  Its type '({ radius, tilt, particleCount, rotationSpeed, yOffset, bandWidth, colorPalette, useArrows }: ParticleBandProps) => void' is not a valid JSX element type.
    Type '({ radius, tilt, particleCount, rotationSpeed, yOffset, bandWidth, colorPalette, useArrows }: ParticleBandProps) => void' is not assignable to type '(props: any) => ReactNode | Promise<ReactNode>'.
      Type 'void' is not assignable to type 'ReactNode | Promise<ReactNode>'.
src/components/about/EarthAnimation.tsx(411,14): error TS2786: 'ParticleBand' cannot be used as a JSX component.
  Its type '({ radius, tilt, particleCount, rotationSpeed, yOffset, bandWidth, colorPalette, useArrows }: ParticleBandProps) => void' is not a valid JSX element type.
    Type '({ radius, tilt, particleCount, rotationSpeed, yOffset, bandWidth, colorPalette, useArrows }: ParticleBandProps) => void' is not assignable to type '(props: any) => ReactNode | Promise<ReactNode>'.
      Type 'void' is not assignable to type 'ReactNode | Promise<ReactNode>'.
src/components/about/EarthAnimation.tsx(423,14): error TS2786: 'ParticleBand' cannot be used as a JSX component.
  Its type '({ radius, tilt, particleCount, rotationSpeed, yOffset, bandWidth, colorPalette, useArrows }: ParticleBandProps) => void' is not a valid JSX element type.
    Type '({ radius, tilt, particleCount, rotationSpeed, yOffset, bandWidth, colorPalette, useArrows }: ParticleBandProps) => void' is not assignable to type '(props: any) => ReactNode | Promise<ReactNode>'.
      Type 'void' is not assignable to type 'ReactNode | Promise<ReactNode>'.
src/components/about/EarthAnimation.tsx(435,14): error TS2786: 'ParticleBand' cannot be used as a JSX component.
  Its type '({ radius, tilt, particleCount, rotationSpeed, yOffset, bandWidth, colorPalette, useArrows }: ParticleBandProps) => void' is not a valid JSX element type.
    Type '({ radius, tilt, particleCount, rotationSpeed, yOffset, bandWidth, colorPalette, useArrows }: ParticleBandProps) => void' is not assignable to type '(props: any) => ReactNode | Promise<ReactNode>'.
      Type 'void' is not assignable to type 'ReactNode | Promise<ReactNode>'.
src/components/about/EarthAnimation.tsx(447,14): error TS2786: 'ParticleBand' cannot be used as a JSX component.
  Its type '({ radius, tilt, particleCount, rotationSpeed, yOffset, bandWidth, colorPalette, useArrows }: ParticleBandProps) => void' is not a valid JSX element type.
    Type '({ radius, tilt, particleCount, rotationSpeed, yOffset, bandWidth, colorPalette, useArrows }: ParticleBandProps) => void' is not assignable to type '(props: any) => ReactNode | Promise<ReactNode>'.
      Type 'void' is not assignable to type 'ReactNode | Promise<ReactNode>'.
src/components/about/EarthAnimation.tsx(618,14): error TS2786: 'Trees' cannot be used as a JSX component.
  Its type '() => void' is not a valid JSX element type.
    Type '() => void' is not assignable to type '(props: any) => ReactNode | Promise<ReactNode>'.
      Type 'void' is not assignable to type 'ReactNode | Promise<ReactNode>'.
src/components/about/ImpactWithoutBordersTimeline.tsx(273,26): error TS2786: 'Icon' cannot be used as a JSX component.
  Its type '({ isActive }: { isActive: boolean; }) => void' is not a valid JSX element type.
    Type '({ isActive }: { isActive: boolean; }) => void' is not assignable to type '(props: any) => ReactNode | Promise<ReactNode>'.
      Type 'void' is not assignable to type 'ReactNode | Promise<ReactNode>'.
src/components/home/ProductShowcase.tsx(6,10): error TS2724: '"@/data/products"' has no exported member named 'productsRaw'. Did you mean 'products'?
src/components/home/ProductShowcase.tsx(39,35): error TS7006: Parameter 'product' implicitly has an 'any' type.
src/components/home/ProductShowcase.tsx(39,44): error TS7006: Parameter 'idx' implicitly has an 'any' type.
src/components/home/ProductShowcase.tsx(69,80): error TS7006: Parameter 'benefit' implicitly has an 'any' type.
src/components/home/ProductShowcase.tsx(69,89): error TS7006: Parameter 'idx' implicitly has an 'any' type.
src/components/home/ProteinFoldingAnimation.tsx(365,13): error TS2304: Cannot find name 'drawBackground'.
